// Jest Snapshot v1, https://goo.gl/fbAQLP

exports[`components/RoomSelect should match snapshot 1`] = `

<select class="p0">
  <option value="bed"
          selected="selected"
  >
    bed
  </option>
  <option value="bath">
    bath
  </option>
  <option value="kitchen">
    kitchen
  </option>
</select>

`;
